// Jest Snapshot v1, https://goo.gl/fbAQLP

exports[`<Login /> should render the main 1`] = `
<div
  class="css-f9gpob"
>
  <div
    class="css-jtmvlx"
  />
  <div
    class="css-78rvji"
    style="opacity: 1; webkit-transition: opacity 1000ms cubic-bezier(0.4, 0, 0.2, 1) 0ms; transition: opacity 1000ms cubic-bezier(0.4, 0, 0.2, 1) 0ms;"
  >
    <div
      class="css-1tyosks"
    >
      <img
        alt="Logo"
        src="/img/logo.png"
      />
      <h1>
        Seja bem vindo
      </h1>
    </div>
    <form
      class="css-lybupd"
    >
      <div
        class="MuiFormControl-root MuiTextField-root css-5uzda4-MuiFormControl-root-MuiTextField-root"
      >
        <label
          class="MuiInputLabel-root MuiInputLabel-formControl MuiInputLabel-animated MuiInputLabel-shrink MuiInputLabel-outlined MuiFormLabel-root MuiFormLabel-colorPrimary css-1sumxir-MuiFormLabel-root-MuiInputLabel-root"
          data-shrink="true"
          for="email"
          id="email-label"
        >
          Email
        </label>
        <div
          class="MuiOutlinedInput-root MuiInputBase-root MuiInputBase-colorPrimary MuiInputBase-formControl MuiInputBase-adornedStart css-1q6at85-MuiInputBase-root-MuiOutlinedInput-root"
        >
          <div
            class="MuiInputAdornment-root MuiInputAdornment-positionStart MuiInputAdornment-outlined MuiInputAdornment-sizeMedium css-ittuaa-MuiInputAdornment-root"
          >
            <span
              class="notranslate"
            >
              ​
            </span>
            <svg
              aria-hidden="true"
              class="MuiSvgIcon-root MuiSvgIcon-fontSizeMedium css-i4bv87-MuiSvgIcon-root"
              data-testid="EmailIcon"
              focusable="false"
              viewBox="0 0 24 24"
            >
              <path
                d="M20 4H4c-1.1 0-1.99.9-1.99 2L2 18c0 1.1.9 2 2 2h16c1.1 0 2-.9 2-2V6c0-1.1-.9-2-2-2zm0 4-8 5-8-5V6l8 5 8-5v2z"
              />
            </svg>
          </div>
          <input
            aria-invalid="false"
            class="MuiOutlinedInput-input MuiInputBase-input MuiInputBase-inputAdornedStart css-1o9s3wi-MuiInputBase-input-MuiOutlinedInput-input"
            id="email"
            name="email"
            placeholder="exemplo@exemplo.com"
            type="text"
            value=""
          />
          <fieldset
            aria-hidden="true"
            class="MuiOutlinedInput-notchedOutline css-1d3z3hw-MuiOutlinedInput-notchedOutline"
          >
            <legend
              class="css-1in441m"
            >
              <span>
                Email
              </span>
            </legend>
          </fieldset>
        </div>
      </div>
      <div
        class="MuiFormControl-root MuiTextField-root css-5uzda4-MuiFormControl-root-MuiTextField-root"
      >
        <label
          class="MuiInputLabel-root MuiInputLabel-formControl MuiInputLabel-animated MuiInputLabel-shrink MuiInputLabel-outlined MuiFormLabel-root MuiFormLabel-colorPrimary css-1sumxir-MuiFormLabel-root-MuiInputLabel-root"
          data-shrink="true"
          for="password"
          id="password-label"
        >
          Senha
        </label>
        <div
          class="MuiOutlinedInput-root MuiInputBase-root MuiInputBase-colorPrimary MuiInputBase-formControl MuiInputBase-adornedStart css-1q6at85-MuiInputBase-root-MuiOutlinedInput-root"
        >
          <div
            class="MuiInputAdornment-root MuiInputAdornment-positionStart MuiInputAdornment-outlined MuiInputAdornment-sizeMedium css-ittuaa-MuiInputAdornment-root"
          >
            <span
              class="notranslate"
            >
              ​
            </span>
            <svg
              aria-hidden="true"
              class="MuiSvgIcon-root MuiSvgIcon-fontSizeMedium css-i4bv87-MuiSvgIcon-root"
              data-testid="LockIcon"
              focusable="false"
              viewBox="0 0 24 24"
            >
              <path
                d="M18 8h-1V6c0-2.76-2.24-5-5-5S7 3.24 7 6v2H6c-1.1 0-2 .9-2 2v10c0 1.1.9 2 2 2h12c1.1 0 2-.9 2-2V10c0-1.1-.9-2-2-2zm-6 9c-1.1 0-2-.9-2-2s.9-2 2-2 2 .9 2 2-.9 2-2 2zm3.1-9H8.9V6c0-1.71 1.39-3.1 3.1-3.1 1.71 0 3.1 1.39 3.1 3.1v2z"
              />
            </svg>
          </div>
          <input
            aria-invalid="false"
            class="MuiOutlinedInput-input MuiInputBase-input MuiInputBase-inputAdornedStart css-1o9s3wi-MuiInputBase-input-MuiOutlinedInput-input"
            id="password"
            name="password"
            placeholder="Digite sua senha"
            type="password"
            value=""
          />
          <fieldset
            aria-hidden="true"
            class="MuiOutlinedInput-notchedOutline css-1d3z3hw-MuiOutlinedInput-notchedOutline"
          >
            <legend
              class="css-1in441m"
            >
              <span>
                Senha
              </span>
            </legend>
          </fieldset>
        </div>
      </div>
      <button
        class="MuiButton-root MuiButton-contained MuiButton-containedPrimary MuiButton-sizeMedium MuiButton-containedSizeMedium MuiButton-fullWidth MuiButtonBase-root css-1j4k5xr-MuiButtonBase-root-MuiButton-root"
        tabindex="0"
        type="submit"
      >
        Entrar
        <span
          class="MuiTouchRipple-root css-8je8zh-MuiTouchRipple-root"
        />
      </button>
    </form>
    <a
      class="MuiTypography-root MuiTypography-inherit MuiLink-root MuiLink-underlineAlways css-1qk869o-MuiTypography-root-MuiLink-root"
      href="/signup"
    >
      Ainda não possui uma conta? Cadastre-se!
    </a>
  </div>
</div>
`;
